C:\Users\Admin\Documents\GitHub\Full_System\implementation\system.ngc 1396823279
C:/Users/Admin/Documents/GitHub/Full_System/implementation/system_load_bram_0_wrapper.ngc 1396823180
C:/Users/Admin/Documents/GitHub/Full_System/implementation/system_rs232_uart_1_wrapper.ngc 1396822980
C:/Users/Admin/Documents/GitHub/Full_System/implementation/system_vmodcam_0_wrapper.ngc 1396823096
C:/Users/Admin/Documents/GitHub/Full_System/implementation/system_proc_sys_reset_0_wrapper.ngc 1396822440
C:/Users/Admin/Documents/GitHub/Full_System/implementation/system_pll_module_0_wrapper.ngc 1396822455
C:/Users/Admin/Documents/GitHub/Full_System/implementation/system_clock_generator_0_wrapper.ngc 1396823142
C:/Users/Admin/Documents/GitHub/Full_System/implementation/system_disparity_out_0_wrapper.ngc 1396823133
C:/Users/Admin/Documents/GitHub/Full_System/implementation/system_microblaze_0_ilmb_wrapper.ngc 1396823105
C:/Users/Admin/Documents/GitHub/Full_System/implementation/system_microblaze_0_dlmb_wrapper.ngc 1396823114
C:/Users/Admin/Documents/GitHub/Full_System/implementation/system_mcb_ddr2_wrapper.ngc 1396823171
C:/Users/Admin/Documents/GitHub/Full_System/implementation/system_axi4lite_0_wrapper.ngc 1396823152
C:/Users/Admin/Documents/GitHub/Full_System/implementation/system_axi4_0_wrapper.ngc 1396823161
C:/Users/Admin/Documents/GitHub/Full_System/implementation/system_microblaze_0_wrapper.ngc 1396823124
C:/Users/Admin/Documents/GitHub/Full_System/implementation/system_hdmi_out_0_wrapper.ngc 1396822779
C:/Users/Admin/Documents/GitHub/Full_System/implementation/system_microblaze_0_i_bram_ctrl_wrapper.ngc 1396822487
C:/Users/Admin/Documents/GitHub/Full_System/implementation/system_microblaze_0_d_bram_ctrl_wrapper.ngc 1396822533
C:/Users/Admin/Documents/GitHub/Full_System/implementation/system_debug_module_wrapper.ngc 1396822859
C:/Users/Admin/Documents/GitHub/Full_System/implementation/system_microblaze_0_bram_block_wrapper.ngc 1396822571
OK
