C:\Users\Admin\Documents\GitHub\Full_System\implementation\system.ngc 1396835440
C:/Users/Admin/Documents/GitHub/Full_System/implementation/system_load_bram_0_wrapper.ngc 1396835351
C:/Users/Admin/Documents/GitHub/Full_System/implementation/system_rs232_uart_1_wrapper.ngc 1396835172
C:/Users/Admin/Documents/GitHub/Full_System/implementation/system_vmodcam_0_wrapper.ngc 1396835276
C:/Users/Admin/Documents/GitHub/Full_System/implementation/system_proc_sys_reset_0_wrapper.ngc 1396834724
C:/Users/Admin/Documents/GitHub/Full_System/implementation/system_pll_module_0_wrapper.ngc 1396834738
C:/Users/Admin/Documents/GitHub/Full_System/implementation/system_clock_generator_0_wrapper.ngc 1396835317
C:/Users/Admin/Documents/GitHub/Full_System/implementation/system_disparity_out_0_wrapper.ngc 1396835309
C:/Users/Admin/Documents/GitHub/Full_System/implementation/system_microblaze_0_ilmb_wrapper.ngc 1396835284
C:/Users/Admin/Documents/GitHub/Full_System/implementation/system_microblaze_0_dlmb_wrapper.ngc 1396835292
C:/Users/Admin/Documents/GitHub/Full_System/implementation/system_mcb_ddr2_wrapper.ngc 1396835342
C:/Users/Admin/Documents/GitHub/Full_System/implementation/system_axi4lite_0_wrapper.ngc 1396835325
C:/Users/Admin/Documents/GitHub/Full_System/implementation/system_axi4_0_wrapper.ngc 1396835334
C:/Users/Admin/Documents/GitHub/Full_System/implementation/system_microblaze_0_wrapper.ngc 1396835300
C:/Users/Admin/Documents/GitHub/Full_System/implementation/system_hdmi_out_0_wrapper.ngc 1396835000
C:/Users/Admin/Documents/GitHub/Full_System/implementation/system_microblaze_0_i_bram_ctrl_wrapper.ngc 1396834764
C:/Users/Admin/Documents/GitHub/Full_System/implementation/system_microblaze_0_d_bram_ctrl_wrapper.ngc 1396834789
C:/Users/Admin/Documents/GitHub/Full_System/implementation/system_debug_module_wrapper.ngc 1396835068
C:/Users/Admin/Documents/GitHub/Full_System/implementation/system_microblaze_0_bram_block_wrapper.ngc 1396834807
OK
