C:\Users\tariqmuh\Documents\GitHub\Full_System\implementation\system.ngc 1396460191
C:/Users/tariqmuh/Documents/GitHub/Full_System/implementation/system_vmodcam_0_wrapper.ngc 1396459991
C:/Users/tariqmuh/Documents/GitHub/Full_System/implementation/system_rs232_uart_1_wrapper.ngc 1396459923
C:/Users/tariqmuh/Documents/GitHub/Full_System/implementation/system_proc_sys_reset_0_wrapper.ngc 1396459371
C:/Users/tariqmuh/Documents/GitHub/Full_System/implementation/system_pll_module_0_wrapper.ngc 1396459387
C:/Users/tariqmuh/Documents/GitHub/Full_System/implementation/system_clock_generator_0_wrapper.ngc 1396460053
C:/Users/tariqmuh/Documents/GitHub/Full_System/implementation/system_microblaze_0_ilmb_wrapper.ngc 1396460001
C:/Users/tariqmuh/Documents/GitHub/Full_System/implementation/system_microblaze_0_dlmb_wrapper.ngc 1396460012
C:/Users/tariqmuh/Documents/GitHub/Full_System/implementation/system_disparity_out_0_wrapper.ngc 1396460043
C:/Users/tariqmuh/Documents/GitHub/Full_System/implementation/system_mcb_ddr2_wrapper.ngc 1396460084
C:/Users/tariqmuh/Documents/GitHub/Full_System/implementation/system_axi4lite_0_wrapper.ngc 1396460063
C:/Users/tariqmuh/Documents/GitHub/Full_System/implementation/system_axi4_0_wrapper.ngc 1396460074
C:/Users/tariqmuh/Documents/GitHub/Full_System/implementation/system_microblaze_0_wrapper.ngc 1396460022
C:/Users/tariqmuh/Documents/GitHub/Full_System/implementation/system_hdmi_out_0_wrapper.ngc 1396459728
C:/Users/tariqmuh/Documents/GitHub/Full_System/implementation/system_microblaze_0_i_bram_ctrl_wrapper.ngc 1396459420
C:/Users/tariqmuh/Documents/GitHub/Full_System/implementation/system_microblaze_0_d_bram_ctrl_wrapper.ngc 1396459452
C:/Users/tariqmuh/Documents/GitHub/Full_System/implementation/system_debug_module_wrapper.ngc 1396459801
C:/Users/tariqmuh/Documents/GitHub/Full_System/implementation/system_load_bram_0_wrapper.ngc 1396460033
C:/Users/tariqmuh/Documents/GitHub/Full_System/implementation/system_microblaze_0_bram_block_wrapper.ngc 1396459476
OK
