--------------------------------------------------------------------------------
Release 14.2 Trace  (nt64)
Copyright (c) 1995-2012 Xilinx, Inc.  All rights reserved.

C:\Xilinx\14.2\ISE_DS\ISE\bin\nt64\unwrapped\trce.exe -e 3 -xml system.twx
system.ncd system.pcf

Design file:              system.ncd
Physical constraint file: system.pcf
Device,package,speed:     xc6slx45,csg324,C,-3 (PRODUCTION 1.22 2012-07-09)
Report level:             error report

Environment Variable      Effect 
--------------------      ------ 
NONE                      No environment variables were set
--------------------------------------------------------------------------------

WARNING:Timing:3223 - Timing constraint PATH 
   "TS_TIG_MCB_DDR2_CALIB_DONE_SYNCH_path" TIG; ignored during timing analysis.
INFO:Timing:3386 - Intersecting Constraints found and resolved.  For more 
   information, see the TSI report.  Please consult the Xilinx Command Line 
   Tools User Guide for information on generating a TSI report.
INFO:Timing:3412 - To improve timing, see the Timing Closure User Guide (UG612).
INFO:Timing:2752 - To get complete path coverage, use the unconstrained paths 
   option. All paths that are not constrained will be reported in the 
   unconstrained paths section(s) of the report.
INFO:Timing:3339 - The clock-to-out numbers in this timing report are based on 
   a 50 Ohm transmission line loading model.  For the details of this model, 
   and for more information on accounting for different loading conditions, 
   please see the device datasheet.

================================================================================
Timing constraint: PATH "TS_TIG_microblaze_0_Reset_path" TIG;

 3 paths analyzed, 3 endpoints analyzed, 0 failing endpoints
 0 timing errors detected. (0 setup errors, 0 hold errors)
--------------------------------------------------------------------------------

================================================================================
Timing constraint: PATH "TS_axi4_0_reset_resync_path" TIG;

 24 paths analyzed, 24 endpoints analyzed, 0 failing endpoints
 0 timing errors detected. (0 setup errors, 0 hold errors)
--------------------------------------------------------------------------------

================================================================================
Timing constraint: PATH "TS_axi4lite_0_reset_resync_path" TIG;

 24 paths analyzed, 24 endpoints analyzed, 0 failing endpoints
 0 timing errors detected. (0 setup errors, 0 hold errors)
--------------------------------------------------------------------------------

================================================================================
Timing constraint: PATH "TS_TIG_MCB_DDR2_CALIB_DONE_SYNCH_path" TIG;

 0 paths analyzed, 0 endpoints analyzed, 0 failing endpoints
 0 timing errors detected.
--------------------------------------------------------------------------------

================================================================================
Timing constraint: PATH "TS_TIG_MCB_DDR2_SYS_RST_SYNCH_path" TIG;

 1 path analyzed, 1 endpoint analyzed, 0 failing endpoints
 0 timing errors detected. (0 setup errors, 0 hold errors)
--------------------------------------------------------------------------------

================================================================================
Timing constraint: PATH "TS_TIG_microblaze_0_dlmb_POR_FF_I_path" TIG;

 1 path analyzed, 1 endpoint analyzed, 0 failing endpoints
 0 timing errors detected. (0 setup errors, 0 hold errors)
--------------------------------------------------------------------------------

================================================================================
Timing constraint: PATH "TS_TIG_microblaze_0_ilmb_POR_FF_I_path" TIG;

 1 path analyzed, 1 endpoint analyzed, 0 failing endpoints
 0 timing errors detected. (0 setup errors, 0 hold errors)
--------------------------------------------------------------------------------

================================================================================
Timing constraint: TS_sys_clk_pin = PERIOD TIMEGRP "sys_clk_pin" 100 MHz HIGH 
50%;
For more information, see Period Analysis in the Timing Closure User Guide (UG612).

 0 paths analyzed, 0 endpoints analyzed, 0 failing endpoints
 0 timing errors detected. (0 component switching limit errors)
 Minimum period is   3.334ns.
--------------------------------------------------------------------------------

================================================================================
Timing constraint: TS_CAMA_PCLK_I = PERIOD TIMEGRP "CAMA_PCLK_I" 80 MHz HIGH 
50%;
For more information, see Period Analysis in the Timing Closure User Guide (UG612).

 740 paths analyzed, 553 endpoints analyzed, 0 failing endpoints
 0 timing errors detected. (0 setup errors, 0 hold errors, 0 component switching limit errors)
 Minimum period is   5.078ns.
--------------------------------------------------------------------------------

================================================================================
Timing constraint: TS_CAMB_PCLK_I = PERIOD TIMEGRP "CAMB_PCLK_I" 80 MHz HIGH 
50%;
For more information, see Period Analysis in the Timing Closure User Guide (UG612).

 711 paths analyzed, 551 endpoints analyzed, 0 failing endpoints
 0 timing errors detected. (0 setup errors, 0 hold errors, 0 component switching limit errors)
 Minimum period is   5.011ns.
--------------------------------------------------------------------------------

================================================================================
Timing constraint: TS_clock_generator_0_clock_generator_0_SIG_PLL0_CLKOUT3 = 
PERIOD TIMEGRP         "clock_generator_0_clock_generator_0_SIG_PLL0_CLKOUT3" 
TS_sys_clk_pin         * 0.25 HIGH 50%;
For more information, see Period Analysis in the Timing Closure User Guide (UG612).

 39993 paths analyzed, 6222 endpoints analyzed, 0 failing endpoints
 0 timing errors detected. (0 setup errors, 0 hold errors, 0 component switching limit errors)
 Minimum period is  29.668ns.
--------------------------------------------------------------------------------

================================================================================
Timing constraint: TS_clk_600_0000MHz180PLL0_nobuf = PERIOD TIMEGRP         
"clk_600_0000MHz180PLL0_nobuf" TS_sys_clk_pin * 6 PHASE 0.833333333 ns         
HIGH 50%;
For more information, see Period Analysis in the Timing Closure User Guide (UG612).

 0 paths analyzed, 0 endpoints analyzed, 0 failing endpoints
 0 timing errors detected. (0 component switching limit errors)
 Minimum period is   1.499ns.
--------------------------------------------------------------------------------

================================================================================
Timing constraint: TS_clock_generator_0_clock_generator_0_SIG_PLL0_CLKOUT5 = 
PERIOD TIMEGRP         "clock_generator_0_clock_generator_0_SIG_PLL0_CLKOUT5" 
TS_sys_clk_pin         * 0.24 PHASE 20.8333333 ns HIGH 50%;
For more information, see Period Analysis in the Timing Closure User Guide (UG612).

 0 paths analyzed, 0 endpoints analyzed, 0 failing endpoints
 0 timing errors detected. (0 component switching limit errors)
 Minimum period is   1.730ns.
--------------------------------------------------------------------------------

================================================================================
Timing constraint: TS_clk_600_0000MHzPLL0_nobuf = PERIOD TIMEGRP 
"clk_600_0000MHzPLL0_nobuf"         TS_sys_clk_pin * 6 HIGH 50%;
For more information, see Period Analysis in the Timing Closure User Guide (UG612).

 0 paths analyzed, 0 endpoints analyzed, 0 failing endpoints
 0 timing errors detected. (0 component switching limit errors)
 Minimum period is   1.499ns.
--------------------------------------------------------------------------------

================================================================================
Timing constraint: TS_clock_generator_0_clock_generator_0_SIG_PLL0_CLKOUT4 = 
PERIOD TIMEGRP         "clock_generator_0_clock_generator_0_SIG_PLL0_CLKOUT4" 
TS_sys_clk_pin         * 0.24 HIGH 50%;
For more information, see Period Analysis in the Timing Closure User Guide (UG612).

 6084 paths analyzed, 1468 endpoints analyzed, 0 failing endpoints
 0 timing errors detected. (0 setup errors, 0 hold errors, 0 component switching limit errors)
 Minimum period is   7.076ns.
--------------------------------------------------------------------------------

================================================================================
Timing constraint: TS_clock_generator_0_clock_generator_0_SIG_PLL0_CLKOUT2 = 
PERIOD TIMEGRP         "clock_generator_0_clock_generator_0_SIG_PLL0_CLKOUT2" 
TS_sys_clk_pin         HIGH 50%;
For more information, see Period Analysis in the Timing Closure User Guide (UG612).

 734515 paths analyzed, 31740 endpoints analyzed, 0 failing endpoints
 0 timing errors detected. (0 setup errors, 0 hold errors, 0 component switching limit errors)
 Minimum period is   9.972ns.
--------------------------------------------------------------------------------

================================================================================
Timing constraint: TS_pll_module_0_pll_module_0_CLKOUT1_BUF = PERIOD TIMEGRP    
     "pll_module_0_pll_module_0_CLKOUT1_BUF"         
TS_clock_generator_0_clock_generator_0_SIG_PLL0_CLKOUT3 HIGH 50%;
For more information, see Period Analysis in the Timing Closure User Guide (UG612).

 8299 paths analyzed, 1077 endpoints analyzed, 0 failing endpoints
 0 timing errors detected. (0 setup errors, 0 hold errors, 0 component switching limit errors)
 Minimum period is  15.896ns.
--------------------------------------------------------------------------------

================================================================================
Timing constraint: TS_pll_module_0_CLKOUT0 = PERIOD TIMEGRP 
"pll_module_0_CLKOUT0"         
TS_clock_generator_0_clock_generator_0_SIG_PLL0_CLKOUT3 * 10 HIGH 50%;
For more information, see Period Analysis in the Timing Closure User Guide (UG612).

 0 paths analyzed, 0 endpoints analyzed, 0 failing endpoints
 0 timing errors detected. (0 component switching limit errors)
--------------------------------------------------------------------------------

================================================================================
Timing constraint: TS_pll_module_0_pll_module_0_CLKOUT2_BUF = PERIOD TIMEGRP    
     "pll_module_0_pll_module_0_CLKOUT2_BUF"         
TS_clock_generator_0_clock_generator_0_SIG_PLL0_CLKOUT3 * 2 HIGH 50%;
For more information, see Period Analysis in the Timing Closure User Guide (UG612).

 269 paths analyzed, 149 endpoints analyzed, 0 failing endpoints
 0 timing errors detected. (0 setup errors, 0 hold errors, 0 component switching limit errors)
 Minimum period is   6.501ns.
--------------------------------------------------------------------------------

================================================================================
Timing constraint: OFFSET = IN 1.25 ns VALID 7.5 ns BEFORE COMP "CAMA_PCLK_I" 
"RISING";
For more information, see Offset In Analysis in the Timing Closure User Guide (UG612).

 17 paths analyzed, 17 endpoints analyzed, 0 failing endpoints
 0 timing errors detected. (0 setup errors, 0 hold errors)
 Minimum allowable offset is   1.131ns.
--------------------------------------------------------------------------------

================================================================================
Timing constraint: OFFSET = IN 1.25 ns VALID 7.5 ns BEFORE COMP "CAMB_PCLK_I" 
"RISING";
For more information, see Offset In Analysis in the Timing Closure User Guide (UG612).

 17 paths analyzed, 17 endpoints analyzed, 0 failing endpoints
 0 timing errors detected. (0 setup errors, 0 hold errors)
 Minimum allowable offset is   1.031ns.
--------------------------------------------------------------------------------


Derived Constraint Report
Derived Constraints for TS_sys_clk_pin
+-------------------------------+-------------+-------------+-------------+-------------+-------------+-------------+-------------+
|                               |   Period    |       Actual Period       |      Timing Errors        |      Paths Analyzed       |
|           Constraint          | Requirement |-------------+-------------|-------------+-------------|-------------+-------------|
|                               |             |   Direct    | Derivative  |   Direct    | Derivative  |   Direct    | Derivative  |
+-------------------------------+-------------+-------------+-------------+-------------+-------------+-------------+-------------+
|TS_sys_clk_pin                 |     10.000ns|      3.334ns|      9.972ns|            0|            0|            0|       789160|
| TS_clock_generator_0_clock_gen|     40.000ns|     29.668ns|     15.896ns|            0|            0|        39993|         8568|
| erator_0_SIG_PLL0_CLKOUT3     |             |             |             |             |             |             |             |
|  TS_pll_module_0_pll_module_0_|     40.000ns|     15.896ns|          N/A|            0|            0|         8299|            0|
|  CLKOUT1_BUF                  |             |             |             |             |             |             |             |
|  TS_pll_module_0_CLKOUT0      |      4.000ns|          N/A|          N/A|            0|            0|            0|            0|
|  TS_pll_module_0_pll_module_0_|     20.000ns|      6.501ns|          N/A|            0|            0|          269|            0|
|  CLKOUT2_BUF                  |             |             |             |             |             |             |             |
| TS_clk_600_0000MHz180PLL0_nobu|      1.667ns|      1.499ns|          N/A|            0|            0|            0|            0|
| f                             |             |             |             |             |             |             |             |
| TS_clock_generator_0_clock_gen|     41.667ns|      1.730ns|          N/A|            0|            0|            0|            0|
| erator_0_SIG_PLL0_CLKOUT5     |             |             |             |             |             |             |             |
| TS_clk_600_0000MHzPLL0_nobuf  |      1.667ns|      1.499ns|          N/A|            0|            0|            0|            0|
| TS_clock_generator_0_clock_gen|     41.667ns|      7.076ns|          N/A|            0|            0|         6084|            0|
| erator_0_SIG_PLL0_CLKOUT4     |             |             |             |             |             |             |             |
| TS_clock_generator_0_clock_gen|     10.000ns|      9.972ns|          N/A|            0|            0|       734515|            0|
| erator_0_SIG_PLL0_CLKOUT2     |             |             |             |             |             |             |             |
+-------------------------------+-------------+-------------+-------------+-------------+-------------+-------------+-------------+

All constraints were met.


Data Sheet report:
-----------------
All values displayed in nanoseconds (ns)

Setup/Hold to clock CAMA_PCLK_I
------------+------------+------------+------------+------------+-------------------------------------+--------+
            |Max Setup to|  Process   |Max Hold to |  Process   |                                     | Clock  |
Source      | clk (edge) |   Corner   | clk (edge) |   Corner   |Internal Clock(s)                    | Phase  |
------------+------------+------------+------------+------------+-------------------------------------+--------+
CAMA_D_I<0> |    0.710(R)|      FAST  |    0.330(R)|      SLOW  |vmodcam_0/vmodcam_0/USER_LOGIC_I/CLKA|   0.000|
CAMA_D_I<1> |    0.693(R)|      FAST  |    0.360(R)|      SLOW  |vmodcam_0/vmodcam_0/USER_LOGIC_I/CLKA|   0.000|
CAMA_D_I<2> |    0.939(R)|      FAST  |    0.056(R)|      SLOW  |vmodcam_0/vmodcam_0/USER_LOGIC_I/CLKA|   0.000|
CAMA_D_I<3> |    1.131(R)|      FAST  |   -0.210(R)|      SLOW  |vmodcam_0/vmodcam_0/USER_LOGIC_I/CLKA|   0.000|
CAMA_D_I<4> |    1.042(R)|      FAST  |   -0.182(R)|      SLOW  |vmodcam_0/vmodcam_0/USER_LOGIC_I/CLKA|   0.000|
CAMA_D_I<5> |    0.874(R)|      FAST  |    0.084(R)|      SLOW  |vmodcam_0/vmodcam_0/USER_LOGIC_I/CLKA|   0.000|
CAMA_D_I<6> |    1.072(R)|      FAST  |   -0.174(R)|      SLOW  |vmodcam_0/vmodcam_0/USER_LOGIC_I/CLKA|   0.000|
CAMA_D_I<7> |    0.973(R)|      FAST  |   -0.064(R)|      SLOW  |vmodcam_0/vmodcam_0/USER_LOGIC_I/CLKA|   0.000|
CAMA_LV_I   |    1.003(R)|      FAST  |   -0.229(R)|      SLOW  |vmodcam_0/vmodcam_0/USER_LOGIC_I/CLKA|   0.000|
------------+------------+------------+------------+------------+-------------------------------------+--------+

Setup/Hold to clock CAMB_PCLK_I
------------+------------+------------+------------+------------+-------------------------------------+--------+
            |Max Setup to|  Process   |Max Hold to |  Process   |                                     | Clock  |
Source      | clk (edge) |   Corner   | clk (edge) |   Corner   |Internal Clock(s)                    | Phase  |
------------+------------+------------+------------+------------+-------------------------------------+--------+
CAMB_D_I<0> |    0.987(R)|      SLOW  |   -0.136(R)|      SLOW  |vmodcam_0/vmodcam_0/USER_LOGIC_I/CLKB|   0.000|
CAMB_D_I<1> |    0.854(R)|      FAST  |    0.171(R)|      SLOW  |vmodcam_0/vmodcam_0/USER_LOGIC_I/CLKB|   0.000|
CAMB_D_I<2> |    1.012(R)|      FAST  |   -0.137(R)|      SLOW  |vmodcam_0/vmodcam_0/USER_LOGIC_I/CLKB|   0.000|
CAMB_D_I<3> |    1.015(R)|      FAST  |   -0.145(R)|      SLOW  |vmodcam_0/vmodcam_0/USER_LOGIC_I/CLKB|   0.000|
CAMB_D_I<4> |    0.845(R)|      FAST  |    0.108(R)|      SLOW  |vmodcam_0/vmodcam_0/USER_LOGIC_I/CLKB|   0.000|
CAMB_D_I<5> |    0.770(R)|      FAST  |    0.150(R)|      SLOW  |vmodcam_0/vmodcam_0/USER_LOGIC_I/CLKB|   0.000|
CAMB_D_I<6> |    1.021(R)|      FAST  |   -0.040(R)|      SLOW  |vmodcam_0/vmodcam_0/USER_LOGIC_I/CLKB|   0.000|
CAMB_D_I<7> |    1.031(R)|      FAST  |   -0.094(R)|      SLOW  |vmodcam_0/vmodcam_0/USER_LOGIC_I/CLKB|   0.000|
CAMB_LV_I   |    0.697(R)|      FAST  |    0.298(R)|      SLOW  |vmodcam_0/vmodcam_0/USER_LOGIC_I/CLKB|   0.000|
------------+------------+------------+------------+------------+-------------------------------------+--------+

Clock to Setup on destination clock CAMA_PCLK_I
---------------+---------+---------+---------+---------+
               | Src:Rise| Src:Fall| Src:Rise| Src:Fall|
Source Clock   |Dest:Rise|Dest:Rise|Dest:Fall|Dest:Fall|
---------------+---------+---------+---------+---------+
CAMA_PCLK_I    |    5.078|         |         |         |
---------------+---------+---------+---------+---------+

Clock to Setup on destination clock CAMB_PCLK_I
---------------+---------+---------+---------+---------+
               | Src:Rise| Src:Fall| Src:Rise| Src:Fall|
Source Clock   |Dest:Rise|Dest:Rise|Dest:Fall|Dest:Fall|
---------------+---------+---------+---------+---------+
CAMB_PCLK_I    |    5.011|         |         |         |
---------------+---------+---------+---------+---------+

Clock to Setup on destination clock GCLK
---------------+---------+---------+---------+---------+
               | Src:Rise| Src:Fall| Src:Rise| Src:Fall|
Source Clock   |Dest:Rise|Dest:Rise|Dest:Fall|Dest:Fall|
---------------+---------+---------+---------+---------+
GCLK           |   19.098|         |         |         |
---------------+---------+---------+---------+---------+

OFFSET = IN 1.25 ns VALID 7.5 ns BEFORE COMP "CAMA_PCLK_I" "RISING";
Worst Case Data Window 1.491; Ideal Clock Offset To Actual Clock 2.886; 
------------------+------------+------------+------------+------------+---------+---------+-------------+
                  |            |  Process   |            |  Process   |  Setup  |  Hold   |Source Offset|
Source            |   Setup    |   Corner   |    Hold    |   Corner   |  Slack  |  Slack  |  To Center  |
------------------+------------+------------+------------+------------+---------+---------+-------------+
CAMA_D_I<0>       |    0.710(R)|      FAST  |    0.330(R)|      SLOW  |    0.540|    5.920|       -2.690|
CAMA_D_I<1>       |    0.693(R)|      FAST  |    0.360(R)|      SLOW  |    0.557|    5.890|       -2.666|
CAMA_D_I<2>       |    0.939(R)|      FAST  |    0.056(R)|      SLOW  |    0.311|    6.194|       -2.942|
CAMA_D_I<3>       |    1.131(R)|      FAST  |   -0.210(R)|      SLOW  |    0.119|    6.460|       -3.171|
CAMA_D_I<4>       |    1.042(R)|      FAST  |   -0.182(R)|      SLOW  |    0.208|    6.432|       -3.112|
CAMA_D_I<5>       |    0.874(R)|      FAST  |    0.084(R)|      SLOW  |    0.376|    6.166|       -2.895|
CAMA_D_I<6>       |    1.072(R)|      FAST  |   -0.174(R)|      SLOW  |    0.178|    6.424|       -3.123|
CAMA_D_I<7>       |    0.973(R)|      FAST  |   -0.064(R)|      SLOW  |    0.277|    6.314|       -3.019|
CAMA_LV_I         |    1.003(R)|      FAST  |   -0.229(R)|      SLOW  |    0.247|    6.479|       -3.116|
------------------+------------+------------+------------+------------+---------+---------+-------------+
Worst Case Summary|       1.131|         -  |       0.360|         -  |    0.119|    5.890|             |
------------------+------------+------------+------------+------------+---------+---------+-------------+

OFFSET = IN 1.25 ns VALID 7.5 ns BEFORE COMP "CAMB_PCLK_I" "RISING";
Worst Case Data Window 1.329; Ideal Clock Offset To Actual Clock 2.867; 
------------------+------------+------------+------------+------------+---------+---------+-------------+
                  |            |  Process   |            |  Process   |  Setup  |  Hold   |Source Offset|
Source            |   Setup    |   Corner   |    Hold    |   Corner   |  Slack  |  Slack  |  To Center  |
------------------+------------+------------+------------+------------+---------+---------+-------------+
CAMB_D_I<0>       |    0.987(R)|      SLOW  |   -0.136(R)|      SLOW  |    0.263|    6.386|       -3.062|
CAMB_D_I<1>       |    0.854(R)|      FAST  |    0.171(R)|      SLOW  |    0.396|    6.079|       -2.842|
CAMB_D_I<2>       |    1.012(R)|      FAST  |   -0.137(R)|      SLOW  |    0.238|    6.387|       -3.074|
CAMB_D_I<3>       |    1.015(R)|      FAST  |   -0.145(R)|      SLOW  |    0.235|    6.395|       -3.080|
CAMB_D_I<4>       |    0.845(R)|      FAST  |    0.108(R)|      SLOW  |    0.405|    6.142|       -2.869|
CAMB_D_I<5>       |    0.770(R)|      FAST  |    0.150(R)|      SLOW  |    0.480|    6.100|       -2.810|
CAMB_D_I<6>       |    1.021(R)|      FAST  |   -0.040(R)|      SLOW  |    0.229|    6.290|       -3.031|
CAMB_D_I<7>       |    1.031(R)|      FAST  |   -0.094(R)|      SLOW  |    0.219|    6.344|       -3.063|
CAMB_LV_I         |    0.697(R)|      FAST  |    0.298(R)|      SLOW  |    0.553|    5.952|       -2.700|
------------------+------------+------------+------------+------------+---------+---------+-------------+
Worst Case Summary|       1.031|         -  |       0.298|         -  |    0.219|    5.952|             |
------------------+------------+------------+------------+------------+---------+---------+-------------+


Timing summary:
---------------

Timing errors: 0  Score: 0  (Setup/Max: 0, Hold: 0)

Constraints cover 790699 paths, 0 nets, and 52653 connections

Design statistics:
   Minimum period:  29.668ns   (Maximum frequency:  33.706MHz)
   Minimum input required time before clock:   1.131ns


Analysis completed Wed Apr 02 13:56:12 2014 
--------------------------------------------------------------------------------

Trace Settings:
-------------------------
Trace Settings 

Peak Memory Usage: 510 MB



